
> ai_mock_interview_platform@0.1.0 build
> next build

   ▲ Next.js 15.3.6
   - Environments: .env

   Creating an optimized production build ...
 ✓ Compiled successfully in 11.0s
   Skipping validation of types
   Skipping linting
   Collecting page data ...
   Generating static pages (0/44) ...
   Generating static pages (11/44) 
   Generating static pages (22/44) 
   Generating static pages (33/44) 
 ✓ Generating static pages (44/44)
   Finalizing page optimization ...
   Collecting build traces ...
[Error: ENOENT: no such file or directory, open 'c:\Users\maste\Desktop\ZenAI\ZenAI\.next\server\app\_not-found\page.js.nft.json'] {
  errno: -4058,
  code: 'ENOENT',
  syscall: 'open',
  path: 'c:\\Users\\maste\\Desktop\\ZenAI\\ZenAI\\.next\\server\\app\\_not-found\\page.js.nft.json'
}
